Compiling lib\main.dart for the Web...                          
Wasm dry run succeeded. Consider building and testing your application with the `--wasm` flag. See docs for more info: https://docs.flutter.dev/platform-integration/web/wasm
Use --no-wasm-dry-run to disable these warnings.
Target dart2js failed: ProcessException: Process exited abnormally with exit code 1:
lib/app/books/add_book_screen.dart:3:8:
Error: Error when reading 'lib/app/book_repository.dart': Error reading 'lib/app/book_repository.dart'  (The system cannot find the file specified)
import '../book_repository.dart';
       ^
lib/app/books/books_screen.dart:66:40:
Error: The getter 'author' isn't defined for the type 'Book'.
 - 'Book' is from 'package:library_app/app/books/book_repository.dart' ('lib/app/books/book_repository.dart').
                subtitle: Text('${book.author} - ${book.category ?? "N/A"} (${book.quantity})'),
                                       ^^^^^^
lib/app/books/books_screen.dart:66:57:
Error: The getter 'category' isn't defined for the type 'Book'.
 - 'Book' is from 'package:library_app/app/books/book_repository.dart' ('lib/app/books/book_repository.dart').
                subtitle: Text('${book.author} - ${book.category ?? "N/A"} (${book.quantity})'),
                                                        ^^^^^^^^
lib/app/books/books_screen.dart:66:84:
Error: The getter 'quantity' isn't defined for the type 'Book'.
 - 'Book' is from 'package:library_app/app/books/book_repository.dart' ('lib/app/books/book_repository.dart').
                subtitle: Text('${book.author} - ${book.category ?? "N/A"} (${book.quantity})'),
                                                                                   ^^^^^^^^
lib/app/books/add_book_screen.dart:47:20:
Error: The method 'Book' isn't defined for the type '_AddBookScreenState'.
 - '_AddBookScreenState' is from 'package:library_app/app/books/add_book_screen.dart' ('lib/app/books/add_book_screen.dart').
      final book = Book(
                   ^^^^
lib/app/books/add_book_screen.dart:56:13:
Error: The method 'BookRepository' isn't defined for the type '_AddBookScreenState'.
 - '_AddBookScreenState' is from 'package:library_app/app/books/add_book_screen.dart' ('lib/app/books/add_book_screen.dart').
      await BookRepository().addBook(book);
            ^^^^^^^^^^^^^^
Error: Compilation failed.
  Command: C:\Users\hp\Desktop\skills\flutter_windows_3.41.6-stable\flutter\bin\cache\dart-sdk\bin\dart.exe compile js --platform-binaries=C:\Users\hp\Desktop\skills\flutter_windows_3.41.6-stable\flutter\bin\cache\flutter_web_sdk\kernel --invoker=flutter_tool -DFLUTTER_VERSION=3.41.6 -DFLUTTER_CHANNEL=stable -DFLUTTER_GIT_URL=https://github.com/flutter/flutter.git -DFLUTTER_FRAMEWORK_REVISION=db50e20168 -DFLUTTER_ENGINE_REVISION=425cfb54d0 -DFLUTTER_DART_VERSION=3.11.4 -DFLUTTER_WEB_USE_SKIA=true -DFLUTTER_WEB_USE_SKWASM=false -DFLUTTER_WEB_CANVASKIT_URL=https://www.gstatic.com/flutter-canvaskit/425cfb54d01a9472b3e81d9e76fd63a4a44cfbcb/ --native-null-assertions --no-source-maps --enable-asserts -O1 --no-minify -o C:\Users\hp\.openclaw\workspace\.dart_tool\flutter_build\4c76a472c1d7e88df8ab48ac44b87260\app.dill --packages=C:\Users\hp\.openclaw\workspace\.dart_tool\package_config.json --cfe-only C:\Users\hp\.openclaw\workspace\.dart_tool\flutter_build\4c76a472c1d7e88df8ab48ac44b87260\main.dart
#0      RunResult.throwException (package:flutter_tools/src/base/process.dart:153:5)
#1      _DefaultProcessUtils.run (package:flutter_tools/src/base/process.dart:379:19)
<asynchronous suspension>
#2      Dart2JSTarget.build (package:flutter_tools/src/build_system/targets/web.dart:208:5)
<asynchronous suspension>
#3      _BuildInstance._invokeInternal (package:flutter_tools/src/build_system/build_system.dart:937:9)
<asynchronous suspension>
#4      Future.wait.<anonymous closure> (dart:async/future.dart:546:21)
<asynchronous suspension>
#5      _BuildInstance.invokeTarget (package:flutter_tools/src/build_system/build_system.dart:875:32)
<asynchronous suspension>
#6      Future.wait.<anonymous closure> (dart:async/future.dart:546:21)
<asynchronous suspension>
#7      _BuildInstance.invokeTarget (package:flutter_tools/src/build_system/build_system.dart:875:32)
<asynchronous suspension>
#8      FlutterBuildSystem.build (package:flutter_tools/src/build_system/build_system.dart:684:16)
<asynchronous suspension>
#9      WebBuilder.buildWeb (package:flutter_tools/src/web/compile.dart:107:34)
<asynchronous suspension>
#10     BuildWebCommand.runCommand (package:flutter_tools/src/commands/build_web.dart:300:5)
<asynchronous suspension>
#11     FlutterCommand.run.<anonymous closure> (package:flutter_tools/src/runner/flutter_command.dart:1590:27)
<asynchronous suspension>
#12     AppContext.run.<anonymous closure> (package:flutter_tools/src/base/context.dart:154:19)
<asynchronous suspension>
#13     CommandRunner.runCommand (package:args/command_runner.dart:212:13)
<asynchronous suspension>
#14     FlutterCommandRunner.runCommand.<anonymous closure> (package:flutter_tools/src/runner/flutter_command_runner.dart:496:9)
<asynchronous suspension>
#15     AppContext.run.<anonymous closure> (package:flutter_tools/src/base/context.dart:154:19)
<asynchronous suspension>
#16     FlutterCommandRunner.runCommand (package:flutter_tools/src/runner/flutter_command_runner.dart:431:5)
<asynchronous suspension>
#17     FlutterCommandRunner.run.<anonymous closure> (package:flutter_tools/src/runner/flutter_command_runner.dart:307:33)
<asynchronous suspension>
#18     run.<anonymous closure>.<anonymous closure> (package:flutter_tools/runner.dart:104:11)
<asynchronous suspension>
#19     AppContext.run.<anonymous closure> (package:flutter_tools/src/base/context.dart:154:19)
<asynchronous suspension>
#20     main (package:flutter_tools/executable.dart:103:3)
<asynchronous suspension>

Compiling lib\main.dart for the Web...                             57.2s
Error: Failed to compile application for the Web.
